CompanyQuote {
    c: 729.4,
    h: 737.359,
    l: 715.46,
    o: 719.8,
    pc: 719.69,
    t: 1619208002,
}
