[
    "MCD",
    "SBUX",
    "CMG",
    "YUM",
    "DRI",
    "DPZ",
    "ARMK",
    "TXRH",
    "WEN",
    "SHAK",
]
